com/ds/dssearcher/util/Constant$FaviconBase64.class
com/ds/dssearcher/entity/DocumentRealtimeCrawlerEntity.class
com/ds/dssearcher/config/ApiService$PersonalAgentManager.class
com/ds/dssearcher/entity/DocumentDataSourceEntity$DataSourceEntity.class
com/ds/dssearcher/repository/SearchRepository.class
com/ds/dssearcher/dto/AgentTwitterSearchDto.class
com/ds/dssearcher/util/FileUtil$1.class
com/ds/dssearcher/config/ESConfiguration.class
com/ds/dssearcher/entity/SearchResult.class
com/ds/dssearcher/entity/LanguageEnum.class
com/ds/dssearcher/entity/ResponseEntityLinking.class
com/ds/dssearcher/DsSearcherApplication.class
com/ds/dssearcher/util/Constant.class
com/ds/dssearcher/entity/DocumentSourceDataEntity.class
com/ds/dssearcher/service/IEntityLinkingService.class
com/ds/dssearcher/entity/SearchResultDataRealtimePeople.class
com/ds/dssearcher/util/DateUtil.class
com/ds/dssearcher/util/Node.class
com/ds/dssearcher/util/FileUtil.class
com/ds/dssearcher/entity/DocumentRealtimePeopleSearchEntity.class
com/ds/dssearcher/entity/DocumentRealtimeSearchEntity.class
com/ds/dssearcher/util/FileUtil$2.class
com/ds/dssearcher/entity/EntityLinking$ResponseEntityLinking$Result$Entities$Candidate$Meta.class
com/ds/dssearcher/util/Constant$DocumentFieldName.class
com/ds/dssearcher/entity/DetailDocumentEntity.class
com/ds/dssearcher/entity/EntityLinking$ResponseEntityLinking$Result$Entities$Candidate.class
com/ds/dssearcher/service/ISearchSevice.class
com/ds/dssearcher/entity/SearchResultPeople.class
com/ds/dssearcher/entity/ResultCountDatasource$CountDocument.class
com/ds/dssearcher/controller/SearchController.class
com/ds/dssearcher/config/ApiService$MetaSearch.class
com/ds/dssearcher/entity/DocumentRealtimeKeywordSearchEntity.class
com/ds/dssearcher/entity/DocumentEntity.class
com/ds/dssearcher/service/EntityLinkingServiceImpl.class
com/ds/dssearcher/entity/ResponseResult.class
com/ds/dssearcher/entity/DocumentDataSourceEntity.class
com/ds/dssearcher/entity/ResultCountDatasource.class
com/ds/dssearcher/entity/ResponeRealtimeCrawler.class
com/ds/dssearcher/repository/EntityLinkingRepository.class
com/ds/dssearcher/util/ESConfig.class
com/ds/dssearcher/util/ESNode.class
com/ds/dssearcher/entity/ResponseRealtimeSearch.class
com/ds/dssearcher/dto/SearchDTO.class
com/ds/dssearcher/entity/EntityLinking$ResponseEntityLinking$Result.class
com/ds/dssearcher/dto/AgentTwitterDto.class
com/ds/dssearcher/entity/EntityLinking$ResponseEntityLinking.class
com/ds/dssearcher/entity/EntityLinking$ResponseEntityLinking$Result$Entities$Keyword$Pos.class
com/ds/dssearcher/config/ApiService$PersonalAgentMetadataAccess.class
com/ds/dssearcher/entity/EntityLinking$ResponseEntityLinking$Result$Entities$Keyword$Span.class
com/ds/dssearcher/entity/EntityLinking$ResponseEntityLinking$Result$Entities$Candidate$Meta$Stock.class
com/ds/dssearcher/entity/EntityLinking.class
com/ds/dssearcher/entity/DocumentPeopleEntity.class
com/ds/dssearcher/config/ApiService$TornadoManager.class
com/ds/dssearcher/config/Configurations.class
com/ds/dssearcher/RestTemplateConfig.class
com/ds/dssearcher/config/ApiService$DataManager.class
com/ds/dssearcher/config/ApiService.class
com/ds/dssearcher/config/ApiService$TornadoMetadataAccess.class
com/ds/dssearcher/entity/SearchResultDataSource.class
com/ds/dssearcher/entity/EntityLinking$ResponseEntityLinking$Result$Entities$Keyword.class
com/ds/dssearcher/entity/SearchResultDataRealtimeKeyword.class
com/ds/dssearcher/dto/TwitterDto.class
com/ds/dssearcher/entity/EntityLinking$ResponseEntityLinking$Result$Entities.class
com/ds/dssearcher/service/SearchServiceImpl.class
