/Users/saltlux/Documents/TONADO/ds-searcher/src/main/java/com/ds/dssearcher/util/ESNode.java
/Users/saltlux/Documents/TONADO/ds-searcher/src/main/java/com/ds/dssearcher/service/ISearchSevice.java
/Users/saltlux/Documents/TONADO/ds-searcher/src/main/java/com/ds/dssearcher/entity/SearchResultDataRealtimePeople.java
/Users/saltlux/Documents/TONADO/ds-searcher/src/main/java/com/ds/dssearcher/service/EntityLinkingServiceImpl.java
/Users/saltlux/Documents/TONADO/ds-searcher/src/main/java/com/ds/dssearcher/entity/SearchResultDataSource.java
/Users/saltlux/Documents/TONADO/ds-searcher/src/main/java/com/ds/dssearcher/entity/DocumentEntity.java
/Users/saltlux/Documents/TONADO/ds-searcher/src/main/java/com/ds/dssearcher/DsSearcherApplication.java
/Users/saltlux/Documents/TONADO/ds-searcher/src/main/java/com/ds/dssearcher/config/Configurations.java
/Users/saltlux/Documents/TONADO/ds-searcher/src/main/java/com/ds/dssearcher/entity/ResponseResult.java
/Users/saltlux/Documents/TONADO/ds-searcher/src/main/java/com/ds/dssearcher/entity/DetailDocumentEntity.java
/Users/saltlux/Documents/TONADO/ds-searcher/src/main/java/com/ds/dssearcher/entity/EntityLinking.java
/Users/saltlux/Documents/TONADO/ds-searcher/src/main/java/com/ds/dssearcher/service/IEntityLinkingService.java
/Users/saltlux/Documents/TONADO/ds-searcher/src/main/java/com/ds/dssearcher/entity/DocumentDataSourceEntity.java
/Users/saltlux/Documents/TONADO/ds-searcher/src/main/java/com/ds/dssearcher/util/FileUtil.java
/Users/saltlux/Documents/TONADO/ds-searcher/src/main/java/com/ds/dssearcher/entity/LanguageEnum.java
/Users/saltlux/Documents/TONADO/ds-searcher/src/main/java/com/ds/dssearcher/entity/DocumentRealtimeSearchEntity.java
/Users/saltlux/Documents/TONADO/ds-searcher/src/main/java/com/ds/dssearcher/util/ESConfig.java
/Users/saltlux/Documents/TONADO/ds-searcher/src/main/java/com/ds/dssearcher/controller/SearchController.java
/Users/saltlux/Documents/TONADO/ds-searcher/src/main/java/com/ds/dssearcher/entity/ResponseRealtimeSearch.java
/Users/saltlux/Documents/TONADO/ds-searcher/src/main/java/com/ds/dssearcher/entity/DocumentSourceDataEntity.java
/Users/saltlux/Documents/TONADO/ds-searcher/src/main/java/com/ds/dssearcher/entity/SearchResultPeople.java
/Users/saltlux/Documents/TONADO/ds-searcher/src/main/java/com/ds/dssearcher/repository/EntityLinkingRepository.java
/Users/saltlux/Documents/TONADO/ds-searcher/src/main/java/com/ds/dssearcher/util/Node.java
/Users/saltlux/Documents/TONADO/ds-searcher/src/main/java/com/ds/dssearcher/entity/DocumentRealtimePeopleSearchEntity.java
/Users/saltlux/Documents/TONADO/ds-searcher/src/main/java/com/ds/dssearcher/service/SearchServiceImpl.java
/Users/saltlux/Documents/TONADO/ds-searcher/src/main/java/com/ds/dssearcher/entity/ResponeRealtimeCrawler.java
/Users/saltlux/Documents/TONADO/ds-searcher/src/main/java/com/ds/dssearcher/entity/SearchResult.java
/Users/saltlux/Documents/TONADO/ds-searcher/src/main/java/com/ds/dssearcher/entity/DocumentRealtimeCrawlerEntity.java
/Users/saltlux/Documents/TONADO/ds-searcher/src/main/java/com/ds/dssearcher/entity/ResultCountDatasource.java
/Users/saltlux/Documents/TONADO/ds-searcher/src/main/java/com/ds/dssearcher/entity/SearchResultDataRealtimeKeyword.java
/Users/saltlux/Documents/TONADO/ds-searcher/src/main/java/com/ds/dssearcher/dto/AgentTwitterDto.java
/Users/saltlux/Documents/TONADO/ds-searcher/src/main/java/com/ds/dssearcher/config/ESConfiguration.java
/Users/saltlux/Documents/TONADO/ds-searcher/src/main/java/com/ds/dssearcher/repository/SearchRepository.java
/Users/saltlux/Documents/TONADO/ds-searcher/src/main/java/com/ds/dssearcher/dto/TwitterDto.java
/Users/saltlux/Documents/TONADO/ds-searcher/src/main/java/com/ds/dssearcher/config/ApiService.java
/Users/saltlux/Documents/TONADO/ds-searcher/src/main/java/com/ds/dssearcher/util/Constant.java
/Users/saltlux/Documents/TONADO/ds-searcher/src/main/java/com/ds/dssearcher/util/DateUtil.java
/Users/saltlux/Documents/TONADO/ds-searcher/src/main/java/com/ds/dssearcher/entity/DocumentRealtimeKeywordSearchEntity.java
/Users/saltlux/Documents/TONADO/ds-searcher/src/main/java/com/ds/dssearcher/dto/AgentTwitterSearchDto.java
/Users/saltlux/Documents/TONADO/ds-searcher/src/main/java/com/ds/dssearcher/entity/DocumentPeopleEntity.java
/Users/saltlux/Documents/TONADO/ds-searcher/src/main/java/com/ds/dssearcher/dto/SearchDTO.java
/Users/saltlux/Documents/TONADO/ds-searcher/src/main/java/com/ds/dssearcher/entity/ResponseEntityLinking.java
